// Jest Snapshot v1, https://goo.gl/fbAQLP

exports[`<TodoListItem /> toMatchSnapshot 1`] = `
<Fragment>
  <li
    className="list-group-item todo-li"
  >
    <p
      className="text-center "
    >
      2
      . 
      Aprender react
    </p>
    <div>
      <button
        className="btn btn-danger me-2 "
        onClick={[Function]}
      >
        Borrar
      </button>
      <button
        className="btn btn-warning"
        onClick={[Function]}
      >
        Done
      </button>
    </div>
  </li>
</Fragment>
`;
