// Jest Snapshot v1, https://goo.gl/fbAQLP

exports[`RealExample component MultipleCustomHooks exists 1`] = `
<div
  style={
    Object {
      "padding": "70px",
    }
  }
>
  <h1>
    RealExampleRef
  </h1>
  <hr />
  <MultipleCustomHooks />
  <button
    className="btn btn-primary"
    onClick={[Function]}
  >
    Show hide
  </button>
</div>
`;
